---
source: tests/integration/bbtw/new.rs
expression: output.stderr
---
error: invalid value 'lib#bar' for '<CHANGESETS>...': Failed to parse BaseName: ParseError("lib#bar\n   ^\ninvalid character in package name\nexpected ASCII alphanumeric character, `_`, `@`, `+`, `-`, `.`")

For more information, try '--help'.
