---
source: tests/integration/bbtw/show.rs
expression: output.stdout
---
Showing builds for iteration #1 of buildspace target

Pending builds
  ⧗ 0 (Waiting to be sent to executor)
  ⧗ 1 (Waiting to be sent to executor)
  ⧗ 2 (Waiting to be sent to executor)
  ⧗ 3 (Waiting to be sent to executor)
  ⧗ 4 (Waiting to be sent to executor)
  [And 1 others]
